// Jest Snapshot v1, https://goo.gl/fbAQLP

exports[`When I render Banner component should render correctly 1`] = `"<div class=\\"Banner\\">Banner component</div>"`;
