// Jest Snapshot v1, https://goo.gl/fbAQLP

exports[`When I render App component should render correctly 1`] = `"<div class=\\"App\\"><header class=\\"App-header\\">Header</header><div class=\\"Banner\\">Banner component</div></div>"`;
